Renesas Optimizing Linker (W1.01.00 )             11-Oct-2014 15:56:39

*** Options ***

-subcommand=DefaultBuild\3axle.clnk
-library=DefaultBuild\3axle.lib
-input=DefaultBuild\3axle.obj
-input=DefaultBuild\dbsct.obj
-input=DefaultBuild\intprg.obj
-input=DefaultBuild\resetprg.obj
-input=DefaultBuild\sbrk.obj
-input=DefaultBuild\vecttbl.obj
-input=DefaultBuild\init_rx62n.obj
-noprelink
-output=DefaultBuild\3axle.abs
-list=DefaultBuild\3axle.map
-nooptimize
-start=B_1,R_1,B_2,R_2,B,R,SU,SI/04,PResetPRG/0FFFF8000,C_1,C_2,C,C$DSEC,C$BSEC,C$INIT,C$VTBL,C$VECT,D_1,D_2,D,P,PIntPRG,W_1,W_2,W,L/0FFFF8100,FIXEDVECT/0FFFFFFD0
-rom=D=R,D_1=R_1,D_2=R_2
-nologo
-end

*** Error information ***

*** Mapping List ***

SECTION                            START      END         SIZE   ALIGN

B_1
                                  00000004  00000004         0   1
R_1
                                  00000004  00000083        80   1
B_2
                                  00000084  00000084         0   1
R_2
                                  00000084  00000091         e   2
B
                                  00000094  00000497       404   4
R
                                  00000498  00000947       4b0   4
SU
                                  00000948  00000a47       100   4
SI
                                  00000a48  00000d47       300   4
PResetPRG
                                  ffff8000  ffff8030        31   1
C_1
                                  ffff8100  ffff81d1        d2   1
C_2
                                  ffff81d2  ffff83d3       202   2
C
                                  ffff83d4  ffff8583       1b0   4
C$DSEC
                                  ffff8584  ffff85a7        24   4
C$BSEC
                                  ffff85a8  ffff85bf        18   4
C$INIT
                                  ffff85c0  ffff85c0         0   1
C$VTBL
                                  ffff85c0  ffff85c0         0   1
C$VECT
                                  ffff85c0  ffff89bf       400   4
D_1
                                  ffff89c0  ffff8a3f        80   1
D_2
                                  ffff8a40  ffff8a4d         e   2
D
                                  ffff8a50  ffff8eff       4b0   4
P
                                  ffff8f00  ffffd679      477a   1
PIntPRG
                                  ffffd67a  ffffd849       1d0   1
W_1
                                  ffffd84a  ffffd84a         0   1
W_2
                                  ffffd84a  ffffd84a         0   1
W
                                  ffffd84a  ffffd84a         0   1
L
                                  ffffd84c  ffffd8fc        b1   4
$ADDR_C_FFFFFFA0
                                  ffffffa0  ffffffaf        10   1
FIXEDVECT
                                  ffffffd0  ffffffff        30   4
