Renesas Optimizing Linker (W1.01.00 )             15-Sep-2014 15:12:21

*** Options ***

-subcommand=DefaultBuild\1st\3axle.clnk
-library=DefaultBuild\3axle.lib
-input=DefaultBuild\1st\3axle.obj
-input=DefaultBuild\1st\dbsct.obj
-input=DefaultBuild\1st\intprg.obj
-input=DefaultBuild\1st\resetprg.obj
-input=DefaultBuild\1st\sbrk.obj
-input=DefaultBuild\1st\vecttbl.obj
-input=DefaultBuild\1st\init_rx62n.obj
-noprelink
-nodebug
-output=DefaultBuild\1st\3axle.abs
-map=DefaultBuild\1st\3axle.bls
-list=DefaultBuild\1st\3axle.map
-nooptimize
-start=B_1,R_1,B_2,R_2,B,R,SU,SI/04,PResetPRG/0FFFF8000,C_1,C_2,C,C$DSEC,C$BSEC,C$INIT,C$VTBL,C$VECT,D_1,D_2,D,P,PIntPRG,W_1,W_2,W,L/0FFFF8100,FIXEDVECT/0FFFFFFD0
-rom=D=R,D_1=R_1,D_2=R_2
-nologo
-end

*** Error information ***

*** Mapping List ***

SECTION                            START      END         SIZE   ALIGN

B_1
                                  00000004  00000004         0   1
R_1
                                  00000004  00000083        80   1
B_2
                                  00000084  00000084         0   1
R_2
                                  00000084  00000091         e   2
B
                                  00000094  00000497       404   4
R
                                  00000498  0000090f       478   4
SU
                                  00000910  00000a0f       100   4
SI
                                  00000a10  00000d0f       300   4
PResetPRG
                                  ffff8000  ffff8030        31   1
C_1
                                  ffff8100  ffff81d1        d2   1
C_2
                                  ffff81d2  ffff83d3       202   2
C
                                  ffff83d4  ffff8553       180   4
C$DSEC
                                  ffff8554  ffff8577        24   4
C$BSEC
                                  ffff8578  ffff858f        18   4
C$INIT
                                  ffff8590  ffff8590         0   1
C$VTBL
                                  ffff8590  ffff8590         0   1
C$VECT
                                  ffff8590  ffff898f       400   4
D_1
                                  ffff8990  ffff8a0f        80   1
D_2
                                  ffff8a10  ffff8a1d         e   2
D
                                  ffff8a20  ffff8e97       478   4
P
                                  ffff8e98  ffffd394      44fd   1
PIntPRG
                                  ffffd395  ffffd564       1d0   1
W_1
                                  ffffd565  ffffd565         0   1
W_2
                                  ffffd565  ffffd565         0   1
W
                                  ffffd565  ffffd565         0   1
L
                                  ffffd568  ffffd5fc        95   4
$ADDR_C_FFFFFFA0
                                  ffffffa0  ffffffaf        10   1
FIXEDVECT
                                  ffffffd0  ffffffff        30   4
