Renesas Optimizing Linker (W1.01.00 )             13-Oct-2014 22:57:26

*** Options ***

-subcommand=DefaultBuild\1st\3axle.clnk
-library=DefaultBuild\3axle.lib
-input=DefaultBuild\1st\3axle.obj
-input=DefaultBuild\1st\dbsct.obj
-input=DefaultBuild\1st\intprg.obj
-input=DefaultBuild\1st\resetprg.obj
-input=DefaultBuild\1st\sbrk.obj
-input=DefaultBuild\1st\vecttbl.obj
-input=DefaultBuild\1st\init_rx62n.obj
-noprelink
-nodebug
-output=DefaultBuild\1st\3axle.abs
-map=DefaultBuild\1st\3axle.bls
-list=DefaultBuild\1st\3axle.map
-nooptimize
-start=B_1,R_1,B_2,R_2,B,R,SU,SI/04,PResetPRG/0FFFF8000,C_1,C_2,C,C$DSEC,C$BSEC,C$INIT,C$VTBL,C$VECT,D_1,D_2,D,P,PIntPRG,W_1,W_2,W,L/0FFFF8100,FIXEDVECT/0FFFFFFD0
-rom=D=R,D_1=R_1,D_2=R_2
-nologo
-end

*** Error information ***

*** Mapping List ***

SECTION                            START      END         SIZE   ALIGN

B_1
                                  00000004  00000004         0   1
R_1
                                  00000004  000000a3        a0   1
B_2
                                  000000a4  000000a4         0   1
R_2
                                  000000a4  000000b1         e   2
B
                                  000000b4  000004b7       404   4
R
                                  000004b8  00000993       4dc   4
SU
                                  00000994  00000a93       100   4
SI
                                  00000a94  00000d93       300   4
PResetPRG
                                  ffff8000  ffff8030        31   1
C_1
                                  ffff8100  ffff81d1        d2   1
C_2
                                  ffff81d2  ffff83d3       202   2
C
                                  ffff83d4  ffff8583       1b0   4
C$DSEC
                                  ffff8584  ffff85a7        24   4
C$BSEC
                                  ffff85a8  ffff85bf        18   4
C$INIT
                                  ffff85c0  ffff85c0         0   1
C$VTBL
                                  ffff85c0  ffff85c0         0   1
C$VECT
                                  ffff85c0  ffff89bf       400   4
D_1
                                  ffff89c0  ffff8a5f        a0   1
D_2
                                  ffff8a60  ffff8a6d         e   2
D
                                  ffff8a70  ffff8f4b       4dc   4
P
                                  ffff8f4c  ffffe1f8      52ad   1
PIntPRG
                                  ffffe1f9  ffffe3db       1e3   1
W_1
                                  ffffe3dc  ffffe3dc         0   1
W_2
                                  ffffe3dc  ffffe3dc         0   1
W
                                  ffffe3dc  ffffe3dc         0   1
L
                                  ffffe3dc  ffffe48c        b1   4
$ADDR_C_FFFFFFA0
                                  ffffffa0  ffffffaf        10   1
FIXEDVECT
                                  ffffffd0  ffffffff        30   4
